#-----------------------------------------------------------
# Vivado v2019.1 (64-bit)
# SW Build 2552052 on Fri May 24 14:49:42 MDT 2019
# IP Build 2548770 on Fri May 24 18:01:18 MDT 2019
# Start of session at: Sun Nov 24 16:41:43 2019
# Process ID: 5068
# Current directory: E:/vivado_workspace/20190930_test/WRA_NOCORE/V3
# Command line: vivado.exe -gui_launcher_event rodinguilauncherevent7736 E:\vivado_workspace\20190930_test\WRA_NOCORE\V3\V3.xpr
# Log file: E:/vivado_workspace/20190930_test/WRA_NOCORE/V3/vivado.log
# Journal file: E:/vivado_workspace/20190930_test/WRA_NOCORE/V3\vivado.jou
#-----------------------------------------------------------
start_gui
open_project E:/vivado_workspace/20190930_test/WRA_NOCORE/V3/V3.xpr
update_compile_order -fileset sources_1
reset_run blk_mem_synth_1
reset_run mult_synth_1
reset_run instrmemory_synth_1
reset_run DataFIFO_synth_1
reset_run FilterRam_synth_1
reset_run synth_1
launch_runs synth_1 -jobs 4
wait_on_run synth_1
export_ip_user_files -of_objects  [get_files E:/vivado_workspace/20190930_test/Project/AT421-MN-80001-r0p0-02rel0/filterdata.coe] -no_script -reset -force -quiet
remove_files  E:/vivado_workspace/20190930_test/Project/AT421-MN-80001-r0p0-02rel0/filterdata.coe
remove_files  E:/vivado_workspace/20190930_test/Project/AT421-MN-80001-r0p0-02rel0/filterdata.coe
